// Jest Snapshot v1, https://goo.gl/fbAQLP

exports[`withSafeArea wraps component 1`] = `
<RCTSafeAreaView
  style={
    Array [
      Object {
        "flexBasis": 0,
        "flexGrow": 1,
        "flexShrink": 1,
      },
      undefined,
    ]
  }
>
  <Text
    accessible={true}
    allowFontScaling={true}
    ellipsizeMode="tail"
  >
    Test
  </Text>
</RCTSafeAreaView>
`;
